I'm sorry, but errors were detected in your script. Please correct the
errors listed below, and try again.


File "game/script.rpy", line 271: expected statement.
    renpy.notify(idx)
                     ^

Ren'Py Version: Ren'Py 8.3.4.24120703
Sat Nov 15 03:26:31 2025
